
> psr-web@1.0.0 build
> tsc && vite build

src/features/export/annotationRenderer.ts(54,73): error TS6133: 'w' is declared but its value is never read.
src/features/export/annotationRenderer.ts(54,84): error TS6133: 'h' is declared but its value is never read.
src/features/export/annotationRenderer.ts(56,27): error TS2339: Property 'color' does not exist on type 'Shape'.
  Property 'color' does not exist on type '"rect"'.
src/features/export/annotationRenderer.ts(57,25): error TS2339: Property 'thickness' does not exist on type 'Shape'.
  Property 'thickness' does not exist on type '"rect"'.
src/features/export/annotationRenderer.ts(59,13): error TS2339: Property 'type' does not exist on type 'Shape'.
  Property 'type' does not exist on type '"rect"'.
src/features/export/annotationRenderer.ts(62,20): error TS2339: Property 'type' does not exist on type 'Shape'.
  Property 'type' does not exist on type '"rect"'.
src/features/export/annotationRenderer.ts(67,20): error TS2339: Property 'type' does not exist on type 'Shape'.
  Property 'type' does not exist on type '"rect"'.
src/features/export/annotationRenderer.ts(70,20): error TS2339: Property 'type' does not exist on type 'Shape'.
  Property 'type' does not exist on type '"rect"'.
src/features/export/annotationRenderer.ts(72,27): error TS2339: Property 'color' does not exist on type 'Shape'.
  Property 'color' does not exist on type '"rect"'.
src/features/export/annotationRenderer.ts(74,16): error TS2339: Property 'censorShape' does not exist on type 'CensorShape'.
  Property 'censorShape' does not exist on type '"rect"'.
src/features/export/annotationRenderer.ts(75,27): error TS2339: Property 'x' does not exist on type 'CensorShape'.
  Property 'x' does not exist on type '"rect"'.
src/features/export/annotationRenderer.ts(75,37): error TS2339: Property 'y' does not exist on type 'CensorShape'.
  Property 'y' does not exist on type '"rect"'.
src/features/export/annotationRenderer.ts(75,47): error TS2339: Property 'w' does not exist on type 'CensorShape'.
  Property 'w' does not exist on type '"rect"'.
src/features/export/annotationRenderer.ts(75,57): error TS2339: Property 'h' does not exist on type 'CensorShape'.
  Property 'h' does not exist on type '"rect"'.
src/features/export/annotationRenderer.ts(78,25): error TS2339: Property 'x' does not exist on type 'CensorShape'.
  Property 'x' does not exist on type '"rect"'.
src/features/export/annotationRenderer.ts(78,36): error TS2339: Property 'w' does not exist on type 'CensorShape'.
  Property 'w' does not exist on type '"rect"'.
src/features/export/annotationRenderer.ts(79,25): error TS2339: Property 'y' does not exist on type 'CensorShape'.
  Property 'y' does not exist on type '"rect"'.
src/features/export/annotationRenderer.ts(79,36): error TS2339: Property 'h' does not exist on type 'CensorShape'.
  Property 'h' does not exist on type '"rect"'.
src/features/export/annotationRenderer.ts(80,33): error TS2339: Property 'w' does not exist on type 'CensorShape'.
  Property 'w' does not exist on type '"rect"'.
src/features/export/annotationRenderer.ts(80,43): error TS2339: Property 'h' does not exist on type 'CensorShape'.
  Property 'h' does not exist on type '"rect"'.
src/features/review/annotationLayer.ts(39,19): error TS6133: 'strength' is declared but its value is never read.
src/features/review/annotationLayer.ts(46,40): error TS2339: Property 'id' does not exist on type 'Shape'.
  Property 'id' does not exist on type '"rect"'.
src/features/review/annotationLayer.ts(64,23): error TS2339: Property 'id' does not exist on type 'Shape'.
  Property 'id' does not exist on type '"rect"'.
src/features/review/annotationLayer.ts(109,16): error TS2352: Conversion of type '{ id: string; type: string; x: number; y: number; w: number; h: number; censorShape: string; censorType: string; strength: number; color: string; thickness: number; }' to type 'CensorShape' may be a mistake because neither type sufficiently overlaps with the other. If this was intentional, convert the expression to 'unknown' first.
src/features/review/annotationLayer.ts(128,15): error TS2339: Property 'type' does not exist on type 'Shape'.
  Property 'type' does not exist on type '"rect"'.
src/features/review/annotationLayer.ts(128,40): error TS2339: Property 'type' does not exist on type 'Shape'.
  Property 'type' does not exist on type '"rect"'.
src/features/review/annotationLayer.ts(132,22): error TS2339: Property 'type' does not exist on type 'Shape'.
  Property 'type' does not exist on type '"rect"'.
src/features/review/annotationLayer.ts(136,22): error TS2339: Property 'type' does not exist on type 'Shape'.
  Property 'type' does not exist on type '"rect"'.
src/features/review/annotationLayer.ts(153,15): error TS2339: Property 'type' does not exist on type 'Shape'.
  Property 'type' does not exist on type '"rect"'.
src/features/review/annotationLayer.ts(153,40): error TS2339: Property 'type' does not exist on type 'Shape'.
  Property 'type' does not exist on type '"rect"'.
src/features/review/annotationLayer.ts(156,22): error TS2339: Property 'type' does not exist on type 'Shape'.
  Property 'type' does not exist on type '"rect"'.
src/features/review/annotationLayer.ts(166,11): error TS2339: Property 'id' does not exist on type 'Shape'.
  Property 'id' does not exist on type '"rect"'.
src/features/review/annotationLayer.ts(167,27): error TS2339: Property 'id' does not exist on type 'Shape'.
  Property 'id' does not exist on type '"rect"'.
src/features/review/annotationLayer.ts(190,57): error TS2339: Property 'id' does not exist on type 'Shape'.
  Property 'id' does not exist on type '"rect"'.
src/features/review/annotationLayer.ts(190,63): error TS2698: Spread types may only be created from object types.
src/features/review/annotationLayer.ts(234,34): error TS2339: Property 'color' does not exist on type 'Shape'.
  Property 'color' does not exist on type '"rect"'.
src/features/review/annotationLayer.ts(235,32): error TS2339: Property 'thickness' does not exist on type 'Shape'.
  Property 'thickness' does not exist on type '"rect"'.
src/features/review/annotationLayer.ts(237,15): error TS2339: Property 'type' does not exist on type 'Shape'.
  Property 'type' does not exist on type '"rect"'.
src/features/review/annotationLayer.ts(240,22): error TS2339: Property 'type' does not exist on type 'Shape'.
  Property 'type' does not exist on type '"rect"'.
src/features/review/annotationLayer.ts(245,22): error TS2339: Property 'type' does not exist on type 'Shape'.
  Property 'type' does not exist on type '"rect"'.
src/features/review/annotationLayer.ts(248,22): error TS2339: Property 'type' does not exist on type 'Shape'.
  Property 'type' does not exist on type '"rect"'.
src/features/review/annotationLayer.ts(250,34): error TS2339: Property 'color' does not exist on type 'Shape'.
  Property 'color' does not exist on type '"rect"'.
src/features/review/annotationLayer.ts(252,18): error TS2339: Property 'censorShape' does not exist on type 'CensorShape'.
  Property 'censorShape' does not exist on type '"rect"'.
src/features/review/annotationLayer.ts(253,34): error TS2339: Property 'x' does not exist on type 'CensorShape'.
  Property 'x' does not exist on type '"rect"'.
src/features/review/annotationLayer.ts(253,44): error TS2339: Property 'y' does not exist on type 'CensorShape'.
  Property 'y' does not exist on type '"rect"'.
src/features/review/annotationLayer.ts(253,54): error TS2339: Property 'w' does not exist on type 'CensorShape'.
  Property 'w' does not exist on type '"rect"'.
src/features/review/annotationLayer.ts(253,64): error TS2339: Property 'h' does not exist on type 'CensorShape'.
  Property 'h' does not exist on type '"rect"'.
src/features/review/annotationLayer.ts(256,27): error TS2339: Property 'x' does not exist on type 'CensorShape'.
  Property 'x' does not exist on type '"rect"'.
src/features/review/annotationLayer.ts(256,38): error TS2339: Property 'w' does not exist on type 'CensorShape'.
  Property 'w' does not exist on type '"rect"'.
src/features/review/annotationLayer.ts(257,27): error TS2339: Property 'y' does not exist on type 'CensorShape'.
  Property 'y' does not exist on type '"rect"'.
src/features/review/annotationLayer.ts(257,38): error TS2339: Property 'h' does not exist on type 'CensorShape'.
  Property 'h' does not exist on type '"rect"'.
src/features/review/annotationLayer.ts(258,35): error TS2339: Property 'w' does not exist on type 'CensorShape'.
  Property 'w' does not exist on type '"rect"'.
src/features/review/annotationLayer.ts(258,45): error TS2339: Property 'h' does not exist on type 'CensorShape'.
  Property 'h' does not exist on type '"rect"'.
src/features/review/annotationLayer.ts(303,15): error TS2339: Property 'type' does not exist on type 'Shape'.
  Property 'type' does not exist on type '"rect"'.
src/features/review/annotationLayer.ts(303,40): error TS2339: Property 'type' does not exist on type 'Shape'.
  Property 'type' does not exist on type '"rect"'.
src/features/review/AnnotationToolbar.tsx(6,10): error TS6133: 'IconButton' is declared but its value is never read.
src/features/review/AnnotationToolbar.tsx(34,10): error TS6133: 'showOptions' is declared but its value is never read.
src/features/review/AnnotationToolbar.tsx(34,23): error TS6133: 'setShowOptions' is declared but its value is never read.
src/types/annotations.ts(7,13): error TS2300: Duplicate identifier 'CensorShape'.
src/types/annotations.ts(43,18): error TS2300: Duplicate identifier 'CensorShape'.
