
> psr-web@1.0.0 build
> tsc && vite build

[36mvite v5.4.21 [32mbuilding for production...[36m[39m

/psr-web/assets/index-DVyr_xE0.css doesn't exist at build time, it will remain unchanged to be resolved at runtime
transforming...
[32mΓ£ô[39m 2 modules transformed.
x Build failed in 48ms
error during build:
[vite]: Rollup failed to resolve import "/psr-web/assets/index-Bdw0FqPN.js" from "C:/Users/Wenjian Khor/OneDrive - Jabil/Documents/GitHub/PSRWeb/index.html".
This is most likely unintended because it can break your application at runtime.
If you do want to externalize this module explicitly add it to
`build.rollupOptions.external`
    at viteWarn (file:///C:/Users/Wenjian%20Khor/OneDrive%20-%20Jabil/Documents/GitHub/PSRWeb/node_modules/vite/dist/node/chunks/dep-BK3b2jBa.js:65855:17)
    at onwarn (file:///C:/Users/Wenjian%20Khor/OneDrive%20-%20Jabil/Documents/GitHub/PSRWeb/node_modules/@vitejs/plugin-react/dist/index.js:90:7)
    at onRollupWarning (file:///C:/Users/Wenjian%20Khor/OneDrive%20-%20Jabil/Documents/GitHub/PSRWeb/node_modules/vite/dist/node/chunks/dep-BK3b2jBa.js:65885:5)
    at onwarn (file:///C:/Users/Wenjian%20Khor/OneDrive%20-%20Jabil/Documents/GitHub/PSRWeb/node_modules/vite/dist/node/chunks/dep-BK3b2jBa.js:65550:7)
    at file:///C:/Users/Wenjian%20Khor/OneDrive%20-%20Jabil/Documents/GitHub/PSRWeb/node_modules/rollup/dist/es/shared/node-entry.js:21403:13
    at Object.logger [as onLog] (file:///C:/Users/Wenjian%20Khor/OneDrive%20-%20Jabil/Documents/GitHub/PSRWeb/node_modules/rollup/dist/es/shared/node-entry.js:23384:9)
    at ModuleLoader.handleInvalidResolvedId (file:///C:/Users/Wenjian%20Khor/OneDrive%20-%20Jabil/Documents/GitHub/PSRWeb/node_modules/rollup/dist/es/shared/node-entry.js:22128:26)
    at file:///C:/Users/Wenjian%20Khor/OneDrive%20-%20Jabil/Documents/GitHub/PSRWeb/node_modules/rollup/dist/es/shared/node-entry.js:22086:26
